// Jest Snapshot v1, https://goo.gl/fbAQLP

exports[`SignIn Screen Should render correctly: SingIn Screen to Default Elements 1`] = `ReactWrapper {}`;
